// Jest Snapshot v1, https://goo.gl/fbAQLP

exports[`renders 1`] = `
<Home>
  <div
    className="Home__root__2fUWydo"
  >
    <Heading
      border="none"
      color="primary-inverse"
      ellipsis={false}
      level="h1"
    >
      <View
        as="h1"
        className="_3BZ02Bg _3eNxhb- _3VqD3Wt"
        display="auto"
      >
        <h1
          className="_6q8Mxga _3BZ02Bg _3eNxhb- _3VqD3Wt"
          style={
            Object {
              "borderRadius": undefined,
              "borderWidth": undefined,
              "height": undefined,
              "margin": undefined,
              "maxHeight": undefined,
              "maxWidth": undefined,
              "minHeight": undefined,
              "minWidth": undefined,
              "padding": undefined,
              "width": undefined,
            }
          }
        >
          Flash Cards
        </h1>
      </View>
    </Heading>
    <Container
      as="div"
      display={null}
      textAlign="start"
    >
      <div
        className="_2iJkRW"
        style={
          Object {
            "margin": null,
            "padding": null,
          }
        }
      >
        <Heading
          border="none"
          color="primary-inverse"
          ellipsis={false}
          level="h1"
          margin="0 0 x-small"
        >
          <View
            as="h1"
            className="_3BZ02Bg _3eNxhb- _3VqD3Wt"
            display="auto"
            margin="0 0 x-small"
          >
            <h1
              className="_6q8Mxga _3BZ02Bg _3eNxhb- _3VqD3Wt"
              style={
                Object {
                  "borderRadius": undefined,
                  "borderWidth": undefined,
                  "height": undefined,
                  "margin": "0 0 0.5rem",
                  "maxHeight": undefined,
                  "maxWidth": undefined,
                  "minHeight": undefined,
                  "minWidth": undefined,
                  "padding": undefined,
                  "width": undefined,
                }
              }
            >
              What is This?
            </h1>
          </View>
        </Heading>
        <Text
          as="p"
          color="primary-inverse"
          letterSpacing="normal"
          size="medium"
        >
          <p
            className="_3jLMUSh _3fy1EZS _2WOMSfA _2G9WT0d"
          >
            Flash Cards is a web app being developed to help with learning things. 
            It's
             being developed by Clay Diffrient as a project for the EDPS 6560 Mulitimedia Learning class in the pursuit of a M.Ed in Instructional Design and Educational Technology.
          </p>
        </Text>
        <Heading
          border="none"
          color="primary-inverse"
          ellipsis={false}
          level="h2"
          margin="0 0 x-small"
        >
          <View
            as="h2"
            className="_3BZ02Bg _1t9nPA1 _3VqD3Wt"
            display="auto"
            margin="0 0 x-small"
          >
            <h2
              className="_6q8Mxga _3BZ02Bg _1t9nPA1 _3VqD3Wt"
              style={
                Object {
                  "borderRadius": undefined,
                  "borderWidth": undefined,
                  "height": undefined,
                  "margin": "0 0 0.5rem",
                  "maxHeight": undefined,
                  "maxWidth": undefined,
                  "minHeight": undefined,
                  "minWidth": undefined,
                  "padding": undefined,
                  "width": undefined,
                }
              }
            >
              What Will It Do?
            </h2>
          </View>
        </Heading>
        <Text
          as="p"
          color="primary-inverse"
          letterSpacing="normal"
          size="medium"
        >
          <p
            className="_3jLMUSh _3fy1EZS _2WOMSfA _2G9WT0d"
          >
            I have somewhat grand aspirations for what it will do eventually, but for now I hope to do the following things:
          </p>
        </Text>
        <List
          as="ul"
          delimiter="none"
          margin="none"
          size="medium"
          variant="default"
        >
          <View
            as="ul"
            className="_2j92CzO QuihDiE _1eZWDls"
            display="auto"
            margin="none"
          >
            <ul
              className="_6q8Mxga _2j92CzO QuihDiE _1eZWDls"
              style={
                Object {
                  "borderRadius": undefined,
                  "borderWidth": undefined,
                  "height": undefined,
                  "margin": "0",
                  "maxHeight": undefined,
                  "maxWidth": undefined,
                  "minHeight": undefined,
                  "minWidth": undefined,
                  "padding": undefined,
                  "width": undefined,
                }
              }
            >
              <ListItem
                as="ul"
                delimiter="none"
                key=".0"
                size="medium"
                variant="default"
              >
                <View
                  as="li"
                  className="_1dyDTaI undefined _1jLfonx _9PzDC58"
                  display="auto"
                >
                  <li
                    className="_6q8Mxga _1dyDTaI undefined _1jLfonx _9PzDC58"
                    style={
                      Object {
                        "borderRadius": undefined,
                        "borderWidth": undefined,
                        "height": undefined,
                        "margin": undefined,
                        "maxHeight": undefined,
                        "maxWidth": undefined,
                        "minHeight": undefined,
                        "minWidth": undefined,
                        "padding": undefined,
                        "width": undefined,
                      }
                    }
                  >
                    <Text
                      as="span"
                      color="primary-inverse"
                      letterSpacing="normal"
                      size="medium"
                    >
                      <span
                        className="_3jLMUSh _3fy1EZS _2WOMSfA _2G9WT0d"
                      >
                        [DONE] Show a flash card and flip to the other side via user interaction.
                      </span>
                    </Text>
                  </li>
                </View>
              </ListItem>
              <ListItem
                as="ul"
                delimiter="none"
                key=".1"
                size="medium"
                variant="default"
              >
                <View
                  as="li"
                  className="_1dyDTaI undefined _1jLfonx _9PzDC58"
                  display="auto"
                >
                  <li
                    className="_6q8Mxga _1dyDTaI undefined _1jLfonx _9PzDC58"
                    style={
                      Object {
                        "borderRadius": undefined,
                        "borderWidth": undefined,
                        "height": undefined,
                        "margin": undefined,
                        "maxHeight": undefined,
                        "maxWidth": undefined,
                        "minHeight": undefined,
                        "minWidth": undefined,
                        "padding": undefined,
                        "width": undefined,
                      }
                    }
                  >
                    <Text
                      as="span"
                      color="primary-inverse"
                      letterSpacing="normal"
                      size="medium"
                    >
                      <span
                        className="_3jLMUSh _3fy1EZS _2WOMSfA _2G9WT0d"
                      >
                        [DONE] Show a flash card and flip to the other side after a given time.
                      </span>
                    </Text>
                  </li>
                </View>
              </ListItem>
              <ListItem
                as="ul"
                delimiter="none"
                key=".2"
                size="medium"
                variant="default"
              >
                <View
                  as="li"
                  className="_1dyDTaI undefined _1jLfonx _9PzDC58"
                  display="auto"
                >
                  <li
                    className="_6q8Mxga _1dyDTaI undefined _1jLfonx _9PzDC58"
                    style={
                      Object {
                        "borderRadius": undefined,
                        "borderWidth": undefined,
                        "height": undefined,
                        "margin": undefined,
                        "maxHeight": undefined,
                        "maxWidth": undefined,
                        "minHeight": undefined,
                        "minWidth": undefined,
                        "padding": undefined,
                        "width": undefined,
                      }
                    }
                  >
                    <Text
                      as="span"
                      color="primary-inverse"
                      letterSpacing="normal"
                      size="medium"
                    >
                      <span
                        className="_3jLMUSh _3fy1EZS _2WOMSfA _2G9WT0d"
                      >
                        [DONE] Track correct vs. incorrect answers by user input
                      </span>
                    </Text>
                  </li>
                </View>
              </ListItem>
              <ListItem
                as="ul"
                delimiter="none"
                key=".3"
                size="medium"
                variant="default"
              >
                <View
                  as="li"
                  className="_1dyDTaI undefined _1jLfonx _9PzDC58"
                  display="auto"
                >
                  <li
                    className="_6q8Mxga _1dyDTaI undefined _1jLfonx _9PzDC58"
                    style={
                      Object {
                        "borderRadius": undefined,
                        "borderWidth": undefined,
                        "height": undefined,
                        "margin": undefined,
                        "maxHeight": undefined,
                        "maxWidth": undefined,
                        "minHeight": undefined,
                        "minWidth": undefined,
                        "padding": undefined,
                        "width": undefined,
                      }
                    }
                  >
                    <Text
                      as="span"
                      color="primary-inverse"
                      letterSpacing="normal"
                      size="medium"
                    >
                      <span
                        className="_3jLMUSh _3fy1EZS _2WOMSfA _2G9WT0d"
                      >
                        [DONE] Summarize stats at the end of a session
                      </span>
                    </Text>
                  </li>
                </View>
              </ListItem>
              <ListItem
                as="ul"
                delimiter="none"
                key=".4"
                size="medium"
                variant="default"
              >
                <View
                  as="li"
                  className="_1dyDTaI undefined _1jLfonx _9PzDC58"
                  display="auto"
                >
                  <li
                    className="_6q8Mxga _1dyDTaI undefined _1jLfonx _9PzDC58"
                    style={
                      Object {
                        "borderRadius": undefined,
                        "borderWidth": undefined,
                        "height": undefined,
                        "margin": undefined,
                        "maxHeight": undefined,
                        "maxWidth": undefined,
                        "minHeight": undefined,
                        "minWidth": undefined,
                        "padding": undefined,
                        "width": undefined,
                      }
                    }
                  >
                    <Text
                      as="span"
                      color="primary-inverse"
                      letterSpacing="normal"
                      size="medium"
                    >
                      <span
                        className="_3jLMUSh _3fy1EZS _2WOMSfA _2G9WT0d"
                      >
                        [DONE] Allow import/export of flash cards in a file format (likely JSON)
                      </span>
                    </Text>
                  </li>
                </View>
              </ListItem>
            </ul>
          </View>
        </List>
      </div>
    </Container>
    <Container
      as="div"
      display={null}
      margin="medium 0 0 0"
      textAlign="center"
    >
      <div
        className="_6GWxrTR"
        style={
          Object {
            "margin": "1.5rem 0 0 0",
            "padding": null,
          }
        }
      >
        <Button
          as="button"
          buttonRef={[Function]}
          fluidWidth={false}
          margin="0"
          onClick={[Function]}
          size="medium"
          type="button"
          variant="default"
        >
          <View
            aria-disabled={null}
            as="button"
            className="_922amOO _16-3B-L _3Gg19qR"
            display={null}
            elementRef={[Function]}
            margin="0"
            onClick={[Function]}
            onKeyDown={[Function]}
            role="button"
            tabIndex="0"
            type="button"
          >
            <button
              aria-disabled={null}
              className="_6q8Mxga _922amOO _16-3B-L _3Gg19qR"
              onClick={[Function]}
              onKeyDown={[Function]}
              role="button"
              style={
                Object {
                  "borderRadius": undefined,
                  "borderWidth": undefined,
                  "height": undefined,
                  "margin": "0",
                  "maxHeight": undefined,
                  "maxWidth": undefined,
                  "minHeight": undefined,
                  "minWidth": undefined,
                  "padding": undefined,
                  "width": undefined,
                }
              }
              tabIndex="0"
              type="button"
            >
              <span
                className="_2CUXt80"
              >
                Start
              </span>
            </button>
          </View>
        </Button>
      </div>
    </Container>
    <Modal
      contentRef={[Function]}
      defaultFocusElement={null}
      insertAt="bottom"
      label="Deck Selector"
      liveRegion={null}
      mountNode={null}
      onClose={[Function]}
      onDismiss={[Function]}
      onEnter={[Function]}
      onEntered={[Function]}
      onEntering={[Function]}
      onExit={[Function]}
      onExited={[Function]}
      onExiting={[Function]}
      onOpen={[Function]}
      open={false}
      shouldCloseOnDocumentClick={true}
      shouldReturnFocus={true}
      size="medium"
      transition="fade"
    >
      <Portal
        insertAt="bottom"
        mountNode={null}
        onClose={[Function]}
        onOpen={[Function]}
        open={false}
      />
    </Modal>
  </div>
</Home>
`;
