// Jest Snapshot v1, https://goo.gl/fbAQLP

exports[`renders 1`] = `
<Card
  cardCountPosition=""
  editMode={false}
  handleSave={[Function]}
  id="id123"
  text={
    Object {
      "back": "Back Side",
      "front": "Front Side",
    }
  }
>
  <ReactCardFlip
    cardStyles={
      Object {
        "front": Object {
          "position": "relative",
        },
      }
    }
    flipSpeedBackToFront={0.6}
    flipSpeedFrontToBack={0.6}
    infinite={false}
    isFlipped={false}
  >
    <div
      className="react-card-flip"
      style={
        Object {
          "perspective": "1000px",
          "transformStyle": "preserve-3d",
        }
      }
    >
      <div
        className="react-card-flipper"
        style={
          Object {
            "position": "relative",
            "transform": "rotateY(0deg)",
            "transformStyle": "preserve-3d",
            "transition": "0.6s",
          }
        }
      >
        <div
          className="react-card-front"
          style={
            Object {
              "WebkitBackfaceVisibility": "hidden",
              "backfaceVisibility": "hidden",
              "left": "0",
              "position": "relative",
              "top": "0",
              "transform": "rotateY(0deg)",
              "transformStyle": "preserve-3d",
              "width": "100%",
              "zIndex": "2",
            }
          }
        >
          <div
            className="Card__card__2rORLZF"
            key="front"
          >
            <Grid
              colSpacing="medium"
              hAlign="start"
              rowSpacing="medium"
              startAt="small"
              vAlign="top"
              visualDebug={false}
            >
              <span
                className="_1USmpIr _3JgELif"
              >
                <GridRow
                  colSpacing="medium"
                  hAlign="start"
                  isLastRow={false}
                  key=".0"
                  rowSpacing="medium"
                  startAt="small"
                  vAlign="top"
                  visualDebug={false}
                >
                  <span
                    className="_3P46brR _2fgcv6I _35Ws9jw _2lflNF1 EaLykbQ _2E7xkbD"
                  >
                    <GridCol
                      colSpacing="medium"
                      hAlign="start"
                      isLastCol={false}
                      isLastRow={false}
                      key=".0"
                      rowSpacing="medium"
                      startAt="small"
                      textAlign="inherit"
                      vAlign="top"
                      visualDebug={false}
                    >
                      <span
                        className="zlFFAtO _2hZ32yM _1XANqzl _1j7zLHc _2nFm4GG _23makCX"
                      >
                        <Text
                          as="span"
                          letterSpacing="normal"
                          size="medium"
                        >
                          <span
                            className="_3jLMUSh _3fy1EZS _2WOMSfA"
                          >
                            <div
                              dangerouslySetInnerHTML={
                                Object {
                                  "__html": "Front Side",
                                }
                              }
                            />
                          </span>
                        </Text>
                      </span>
                    </GridCol>
                  </span>
                </GridRow>
                <GridRow
                  colSpacing="medium"
                  hAlign="start"
                  isLastRow={true}
                  key=".1"
                  rowSpacing="medium"
                  startAt="small"
                  vAlign="top"
                  visualDebug={false}
                >
                  <span
                    className="_3P46brR M4KzJCD _2fgcv6I _35Ws9jw _2lflNF1 EaLykbQ _2E7xkbD"
                  >
                    <GridCol
                      colSpacing="medium"
                      hAlign="start"
                      isLastCol={true}
                      isLastRow={true}
                      key=".0"
                      rowSpacing="medium"
                      startAt="small"
                      textAlign="inherit"
                      vAlign="top"
                      visualDebug={false}
                    >
                      <span
                        className="zlFFAtO _2hZ32yM _1XANqzl _1j7zLHc _2nFm4GG _23makCX _1X9b06D dd1PwcH"
                      >
                        <Button
                          as="button"
                          buttonRef={[Function]}
                          fluidWidth={false}
                          margin="0"
                          onClick={[Function]}
                          size="medium"
                          type="button"
                          variant="default"
                        >
                          <Container
                            aria-disabled={null}
                            as="button"
                            className="_922amOO _16-3B-L _3Gg19qR"
                            display={null}
                            elementRef={[Function]}
                            margin="0"
                            onClick={[Function]}
                            onKeyDown={[Function]}
                            role="button"
                            tabIndex="0"
                            type="button"
                          >
                            <button
                              aria-disabled={null}
                              className="_922amOO _16-3B-L _3Gg19qR"
                              onClick={[Function]}
                              onKeyDown={[Function]}
                              role="button"
                              style={
                                Object {
                                  "margin": "0",
                                  "padding": null,
                                }
                              }
                              tabIndex="0"
                              type="button"
                            >
                              <span
                                className="_2CUXt80"
                              >
                                Flip
                              </span>
                            </button>
                          </Container>
                        </Button>
                      </span>
                    </GridCol>
                  </span>
                </GridRow>
              </span>
            </Grid>
            <div>
              <Text
                as="span"
                letterSpacing="normal"
                size="medium"
              >
                <span
                  className="_3jLMUSh _3fy1EZS _2WOMSfA"
                />
              </Text>
            </div>
          </div>
        </div>
        <div
          className="react-card-back"
          style={
            Object {
              "WebkitBackfaceVisibility": "hidden",
              "backfaceVisibility": "hidden",
              "left": "0",
              "position": "absolute",
              "top": "0",
              "transform": "rotateY(180deg)",
              "transformStyle": "preserve-3d",
              "width": "100%",
            }
          }
        >
          <div
            className="Card__card__2rORLZF"
            key="back"
          >
            <div>
              <Text
                as="span"
                letterSpacing="normal"
                size="medium"
              >
                <span
                  className="_3jLMUSh _3fy1EZS _2WOMSfA"
                />
              </Text>
            </div>
          </div>
        </div>
      </div>
    </div>
  </ReactCardFlip>
</Card>
`;
